// Jest Snapshot v1, https://goo.gl/fbAQLP

exports[`should render correctly 1`] = `
<Fade
  bottom={true}
>
  <hr />
  <ForwardRef
    data={
      Object {
        "datasets": Array [
          Object {
            "backgroundColor": "rgba(246, 211, 101, 1)",
            "borderColor": "rgba(253, 160, 133, 1)",
            "data": Array [],
            "fill": true,
            "label": "Top Selling Products",
          },
        ],
        "labels": Array [],
      }
    }
  />
  <h6
    className="text-center mt-1 Playfair"
  >
    Our Top Selling Product
  </h6>
  <hr />
</Fade>
`;
