// Jest Snapshot v1, https://goo.gl/fbAQLP

exports[`should render correctly 1`] = `
<Fragment>
  <Navbar />
  <Suspense
    fallback={
      <div
        className="center spinner-grow text-warning"
        role="status"
      >
        <span
          className="sr-only"
        >
          Loading...
        </span>
      </div>
    }
  >
    <Fade
      bottom={true}
    >
      <div
        className="container-xxl py-6"
      >
        <div
          className="container"
        >
          <div
            className="text-center mx-auto mb-5 "
            style={
              Object {
                "maxwidth": "500px",
              }
            }
          >
            <p
              className="text-primary text-uppercase mb-2"
            >
              # Contact Us
            </p>
            <h1
              className="display-6 mb-4 Playfair"
            >
              Contact Us messages shown here
            </h1>
          </div>
          <div
            className="row g-0 justify-content-center"
          >
            <div
              className="col-lg-8 "
            >
              <div
                className="container my-4"
              >
                <div
                  className="row height d-flex justify-content-center align-items-center"
                >
                  <div
                    className="col-md-6"
                  >
                    <div
                      className="form"
                    >
                      <i
                        className="fa fa-search"
                      />
                      <input
                        className="form-control form-input"
                        onChange={[Function]}
                        placeholder="Search anything..."
                        type="text"
                      />
                    </div>
                  </div>
                </div>
              </div>
            </div>
          </div>
          <table
            className="table table-striped  container my-4"
          >
            <thead>
              <tr>
                <th
                  scope="col"
                >
                  #
                </th>
                <th
                  scope="col"
                >
                  Name
                </th>
                <th
                  scope="col"
                >
                  Email
                </th>
                <th
                  scope="col"
                >
                  Subject
                </th>
                <th
                  scope="col"
                >
                  Message
                </th>
              </tr>
            </thead>
            <tbody
              className="table-group-divider"
            />
          </table>
        </div>
      </div>
    </Fade>
  </Suspense>
  <Footer />
</Fragment>
`;
